山中玲@ReiAsus14Pro MINGW64 ~/samurai/kadai
$ cd git_challenge/

山中玲@ReiAsus14Pro MINGW64 ~/samurai/kadai/git_challenge
$ ls

山中玲@ReiAsus14Pro MINGW64 ~/samurai/kadai/git_challenge
$ touch hello_world.txt

山中玲@ReiAsus14Pro MINGW64 ~/samurai/kadai/git_challenge
$ ls
hello_world.txt

山中玲@ReiAsus14Pro MINGW64 ~/samurai/kadai/git_challenge
$ git init
Initialized empty Git repository in C:/Users/山中玲/samurai/kadai/git_challenge/.git/

山中玲@ReiAsus14Pro MINGW64 ~/samurai/kadai/git_challenge (main)
$ ls
hello_world.txt

山中玲@ReiAsus14Pro MINGW64 ~/samurai/kadai/git_challenge (main)
$ git add .

山中玲@ReiAsus14Pro MINGW64 ~/samurai/kadai/git_challenge (main)
$ git commit -m "1回目のcommit"
[main (root-commit) 35423e6] 1回目のcommit
 1 file changed, 1 insertion(+)
 create mode 100644 hello_world.txt

山中玲@ReiAsus14Pro MINGW64 ~/samurai/kadai/git_challenge (main)
$ git add .

山中玲@ReiAsus14Pro MINGW64 ~/samurai/kadai/git_challenge (main)
$ git commit -m "2回目のcommit"
[main 7c9460a] 2回目のcommit
 1 file changed, 1 insertion(+)

山中玲@ReiAsus14Pro MINGW64 ~/samurai/kadai/git_challenge (main)
$ git status
On branch main
nothing to commit, working tree clean

山中玲@ReiAsus14Pro MINGW64 ~/samurai/kadai/git_challenge (main)
山中玲@ReiAsus14Pro MINGW64 ~/samurai/kadai/git_challenge (main)
$ git log --oneline hello_world.txt
7c9460a (HEAD -> main) 2回目のcommit
35423e6 1回目のcommit



